{
  "migrations": {
    "platform_first": [
      "001",
      "002",
      "003",
      "004",
      "005",
      "006",
      "007",
      "008",
      "009",
      "010",
      "011",
      "012",
      "013",
      "014",
      "015",
      "016",
      "017",
      "018",
      "019",
      "020",
      "021"
    ],
    "platform_second": [],
    "store_first": [
      "001",
      "002",
      "003",
      "004",
      "005"
    ],
    "store_second": []
  },
  "db_tables": {
    "platform": 25,
    "store": 16,
    "analysis": 5,
    "usage": 2
  },
  "hs": [
    {
      "input": {
        "product": "تمر",
        "catalog": null,
        "confirmed": false
      },
      "output": {
        "final_hs_code": "080410",
        "classification_status": "approved",
        "classification_method": "deterministic_exact",
        "confidence": 1.0,
        "contradictions": [],
        "official_hs_description": "Fruit, edible; dates, fresh or dried",
        "reason": "وصفُ البند يشمل صفاتِ المنتج المميّزة، ولا مرشّحَ يقاربه في الدليل."
      }
    },
    {
      "input": {
        "product": "Dates",
        "catalog": null,
        "confirmed": false
      },
      "output": {
        "final_hs_code": "080410",
        "classification_status": "approved",
        "classification_method": "deterministic_exact",
        "confidence": 1.0,
        "contradictions": [],
        "official_hs_description": "Fruit, edible; dates, fresh or dried",
        "reason": "وصفُ البند يشمل صفاتِ المنتج المميّزة، ولا مرشّحَ يقاربه في الدليل."
      }
    },
    {
      "input": {
        "product": "حليب",
        "catalog": null,
        "confirmed": false
      },
      "output": {
        "final_hs_code": null,
        "classification_status": "requires_confirmation",
        "classification_method": "unresolved",
        "confidence": 1.0,
        "contradictions": [],
        "official_hs_description": "",
        "reason": "البند 040120 داخل ترويسةٍ تنقسم بسمةٍ رقمية (نسبةُ الدهن أو حالةُ الحفظ) واسمُ المنتج لا يحدّد أيّها — اختر البند المطابق."
      }
    },
    {
      "input": {
        "product": "Milk",
        "catalog": null,
        "confirmed": false
      },
      "output": {
        "final_hs_code": null,
        "classification_status": "requires_confirmation",
        "classification_method": "unresolved",
        "confidence": 1.0,
        "contradictions": [],
        "official_hs_description": "",
        "reason": "البند 040120 داخل ترويسةٍ تنقسم بسمةٍ رقمية (نسبةُ الدهن أو حالةُ الحفظ) واسمُ المنتج لا يحدّد أيّها — اختر البند المطابق."
      }
    },
    {
      "input": {
        "product": "",
        "catalog": null,
        "confirmed": false
      },
      "output": {
        "final_hs_code": null,
        "classification_status": "error",
        "classification_method": "unresolved",
        "confidence": 0.0,
        "contradictions": [],
        "official_hs_description": "",
        "reason": "اسمُ المنتج فارغ — لا يمكن التصنيف بلا اسم. اكتب اسمَ المنتج كما هو على العبوة."
      }
    },
    {
      "input": {
        "product": "Fixture",
        "catalog": "12A456",
        "confirmed": true
      },
      "output": {
        "final_hs_code": null,
        "classification_status": "requires_confirmation",
        "classification_method": "unresolved",
        "confidence": 0.0,
        "contradictions": [],
        "official_hs_description": "",
        "reason": "رمزُ الكتالوج «12A456» ليس رمزاً جمركياً سداسيّ الأرقام — أدخل رمزاً صحيحاً أو اختر بنداً."
      }
    },
    {
      "input": {
        "product": "Dates",
        "catalog": "000000",
        "confirmed": false
      },
      "output": {
        "final_hs_code": null,
        "classification_status": "requires_confirmation",
        "classification_method": "unresolved",
        "confidence": 0.0,
        "contradictions": [
          "فصلُ الرمز 00 غير موجود في بنية WCO"
        ],
        "official_hs_description": "",
        "reason": "رمزُ الكتالوج 000000 لا يصلح أساساً للدراسة: فصلُ الرمز 00 غير موجود في بنية WCO"
      }
    },
    {
      "input": {
        "product": "Dates",
        "catalog": "000000",
        "confirmed": true
      },
      "output": {
        "final_hs_code": "000000",
        "classification_status": "approved",
        "classification_method": "user_confirmed",
        "confidence": 0.0,
        "contradictions": [
          "فصلُ الرمز 00 غير موجود في بنية WCO"
        ],
        "official_hs_description": "",
        "reason": "اعتمد المصنعُ هذا البند صراحةً."
      }
    },
    {
      "input": {
        "product": "Dates",
        "catalog": "080410",
        "confirmed": true
      },
      "output": {
        "final_hs_code": "080410",
        "classification_status": "approved",
        "classification_method": "user_confirmed",
        "confidence": 1.0,
        "contradictions": [],
        "official_hs_description": "Fruit, edible; dates, fresh or dried",
        "reason": "اعتمد المصنعُ هذا البند صراحةً."
      }
    },
    {
      "input": {
        "product": "Dates",
        "catalog": "٠٨٠٤١٠",
        "confirmed": true
      },
      "output": {
        "final_hs_code": null,
        "classification_status": "requires_confirmation",
        "classification_method": "unresolved",
        "confidence": 0.0,
        "contradictions": [],
        "official_hs_description": "",
        "reason": "رمزُ الكتالوج «٠٨٠٤١٠» ليس رمزاً جمركياً سداسيّ الأرقام — أدخل رمزاً صحيحاً أو اختر بنداً."
      }
    }
  ],
  "frontend": [
    {
      "file": "web/checkout.html",
      "duplicate_ids": [],
      "missing_aria_targets_static": [],
      "researchCaption_occurrences": 0,
      "data_agents": [],
      "inline_scripts": 1
    },
    {
      "file": "web/index.html",
      "duplicate_ids": [],
      "missing_aria_targets_static": [],
      "researchCaption_occurrences": 0,
      "data_agents": [],
      "inline_scripts": 1
    },
    {
      "file": "web/platform-landing.html",
      "duplicate_ids": [],
      "missing_aria_targets_static": [],
      "researchCaption_occurrences": 0,
      "data_agents": [
        "trade_flow",
        "demand_trends",
        "pricing_scout",
        "competitors",
        "consumer_culture",
        "demographics_economy",
        "customs_requirements",
        "tariffs_agreements",
        "logistics",
        "channels_importers",
        "risk_news",
        "opportunity_gaps"
      ],
      "inline_scripts": 0
    },
    {
      "file": "web/platform.html",
      "duplicate_ids": [],
      "missing_aria_targets_static": [],
      "researchCaption_occurrences": 0,
      "data_agents": [],
      "inline_scripts": 1
    },
    {
      "file": "web/pricing.html",
      "duplicate_ids": [],
      "missing_aria_targets_static": [],
      "researchCaption_occurrences": 0,
      "data_agents": [],
      "inline_scripts": 0
    },
    {
      "file": "web/reset-password.html",
      "duplicate_ids": [],
      "missing_aria_targets_static": [],
      "researchCaption_occurrences": 0,
      "data_agents": [],
      "inline_scripts": 1
    }
  ],
  "js_checked": 5,
  "js_errors": 0,
  "missing_assets": [],
  "http": []
}
